AR programcounter behavioral C:/Users/pipe/Desktop/procesador/procesador/Procesador2/ProgramCounter.vhd sub00/vhpl07 1476226475
AR instructionmemory arqinstructionmemory C:/Users/pipe/Desktop/procesador/procesador/Procesador2/InstructionMemory.vhd sub00/vhpl11 1476226479
EN multiplexor NULL C:/Users/pipe/Desktop/procesador/procesador/Procesador2/Multiplexor.vhd sub00/vhpl04 1476226472
AR multiplexor behavioral C:/Users/pipe/Desktop/procesador/procesador/Procesador2/Multiplexor.vhd sub00/vhpl05 1476226473
AR sumador behavioral C:/Users/pipe/Desktop/procesador/procesador/Procesador2/Sumador.vhd sub00/vhpl09 1476226477
AR procesador2 behavioral C:/Users/pipe/Desktop/procesador/procesador/Procesador2/Procesador2.vhd sub00/vhpl17 1476226485
AR extsign behavioral C:/Users/pipe/Desktop/procesador/procesador/Procesador2/ExtSign.vhd sub00/vhpl03 1476226471
EN rf NULL C:/Users/pipe/Desktop/procesador/procesador/Procesador2/RF.vhd sub00/vhpl12 1476226480
AR uc behavioral C:/Users/pipe/Desktop/procesador/procesador/Procesador2/UC.vhd sub00/vhpl15 1476226483
EN uc NULL C:/Users/pipe/Desktop/procesador/procesador/Procesador2/UC.vhd sub00/vhpl14 1476226482
EN procesador2 NULL C:/Users/pipe/Desktop/procesador/procesador/Procesador2/Procesador2.vhd sub00/vhpl16 1476226484
EN programcounter NULL C:/Users/pipe/Desktop/procesador/procesador/Procesador2/ProgramCounter.vhd sub00/vhpl06 1476226474
EN instructionmemory NULL C:/Users/pipe/Desktop/procesador/procesador/Procesador2/InstructionMemory.vhd sub00/vhpl10 1476226478
AR alu behavioral C:/Users/pipe/Desktop/procesador/procesador/Procesador2/ALU.vhd sub00/vhpl01 1476226469
EN extsign NULL C:/Users/pipe/Desktop/procesador/procesador/Procesador2/ExtSign.vhd sub00/vhpl02 1476226470
EN sumador NULL C:/Users/pipe/Desktop/procesador/procesador/Procesador2/Sumador.vhd sub00/vhpl08 1476226476
AR rf behavioral C:/Users/pipe/Desktop/procesador/procesador/Procesador2/RF.vhd sub00/vhpl13 1476226481
EN alu NULL C:/Users/pipe/Desktop/procesador/procesador/Procesador2/ALU.vhd sub00/vhpl00 1476226468
