V3 35
FL C:/Users/pipe/Desktop/procesador/procesador/Procesador2/ALU.vhd 2016/10/11.17:11:44 P.20131013
EN work/ALU 1476226468 \
      FL C:/Users/pipe/Desktop/procesador/procesador/Procesador2/ALU.vhd \
      PB ieee/std_logic_1164 1381692176 PB ieee/STD_LOGIC_UNSIGNED 1381692179 \
      PB ieee/std_logic_arith 1381692177
AR work/ALU/Behavioral 1476226469 \
      FL C:/Users/pipe/Desktop/procesador/procesador/Procesador2/ALU.vhd \
      EN work/ALU 1476226468
FL C:/Users/pipe/Desktop/procesador/procesador/Procesador2/ExtSign.vhd 2016/10/11.17:11:44 P.20131013
EN work/ExtSign 1476226470 \
      FL C:/Users/pipe/Desktop/procesador/procesador/Procesador2/ExtSign.vhd \
      PB ieee/std_logic_1164 1381692176
AR work/ExtSign/Behavioral 1476226471 \
      FL C:/Users/pipe/Desktop/procesador/procesador/Procesador2/ExtSign.vhd \
      EN work/ExtSign 1476226470
FL C:/Users/pipe/Desktop/procesador/procesador/Procesador2/InstructionMemory.vhd 2016/10/11.17:43:48 P.20131013
EN work/instructionMemory 1476226478 \
      FL C:/Users/pipe/Desktop/procesador/procesador/Procesador2/InstructionMemory.vhd \
      PB ieee/std_logic_1164 1381692176 PB ieee/STD_LOGIC_UNSIGNED 1381692179 \
      PB std/TEXTIO 1381692176
AR work/instructionMemory/arqInstructionMemory 1476226479 \
      FL C:/Users/pipe/Desktop/procesador/procesador/Procesador2/InstructionMemory.vhd \
      EN work/instructionMemory 1476226478
FL C:/Users/pipe/Desktop/procesador/procesador/Procesador2/Multiplexor.vhd 2016/10/11.17:11:44 P.20131013
EN work/Multiplexor 1476226472 \
      FL C:/Users/pipe/Desktop/procesador/procesador/Procesador2/Multiplexor.vhd \
      PB ieee/std_logic_1164 1381692176
AR work/Multiplexor/Behavioral 1476226473 \
      FL C:/Users/pipe/Desktop/procesador/procesador/Procesador2/Multiplexor.vhd \
      EN work/Multiplexor 1476226472
FL C:/Users/pipe/Desktop/procesador/procesador/Procesador2/Procesador2.vhd 2016/10/11.17:11:44 P.20131013
EN work/Procesador2 1476226484 \
      FL C:/Users/pipe/Desktop/procesador/procesador/Procesador2/Procesador2.vhd \
      PB ieee/std_logic_1164 1381692176 PB ieee/STD_LOGIC_UNSIGNED 1381692179
AR work/Procesador2/Behavioral 1476226485 \
      FL C:/Users/pipe/Desktop/procesador/procesador/Procesador2/Procesador2.vhd \
      EN work/Procesador2 1476226484 CP ALU CP ExtSign CP Multiplexor \
      CP ProgramCounter CP Sumador CP instructionMemory CP RF CP UC
FL C:/Users/pipe/Desktop/procesador/procesador/Procesador2/ProgramCounter.vhd 2016/10/11.17:11:44 P.20131013
EN work/ProgramCounter 1476226474 \
      FL C:/Users/pipe/Desktop/procesador/procesador/Procesador2/ProgramCounter.vhd \
      PB ieee/std_logic_1164 1381692176
AR work/ProgramCounter/Behavioral 1476226475 \
      FL C:/Users/pipe/Desktop/procesador/procesador/Procesador2/ProgramCounter.vhd \
      EN work/ProgramCounter 1476226474
FL C:/Users/pipe/Desktop/procesador/procesador/Procesador2/RF.vhd 2016/10/11.17:11:44 P.20131013
EN work/RF 1476226480 \
      FL C:/Users/pipe/Desktop/procesador/procesador/Procesador2/RF.vhd \
      PB ieee/std_logic_1164 1381692176 PB ieee/STD_LOGIC_UNSIGNED 1381692179
AR work/RF/Behavioral 1476226481 \
      FL C:/Users/pipe/Desktop/procesador/procesador/Procesador2/RF.vhd \
      EN work/RF 1476226480
FL C:/Users/pipe/Desktop/procesador/procesador/Procesador2/Sumador.vhd 2016/10/11.17:11:44 P.20131013
EN work/Sumador 1476226476 \
      FL C:/Users/pipe/Desktop/procesador/procesador/Procesador2/Sumador.vhd \
      PB ieee/std_logic_1164 1381692176 PB ieee/STD_LOGIC_UNSIGNED 1381692179 \
      PB ieee/std_logic_arith 1381692177
AR work/Sumador/Behavioral 1476226477 \
      FL C:/Users/pipe/Desktop/procesador/procesador/Procesador2/Sumador.vhd \
      EN work/Sumador 1476226476
FL C:/Users/pipe/Desktop/procesador/procesador/Procesador2/UC.vhd 2016/10/11.17:11:44 P.20131013
EN work/UC 1476226482 \
      FL C:/Users/pipe/Desktop/procesador/procesador/Procesador2/UC.vhd \
      PB ieee/std_logic_1164 1381692176
AR work/UC/Behavioral 1476226483 \
      FL C:/Users/pipe/Desktop/procesador/procesador/Procesador2/UC.vhd \
      EN work/UC 1476226482
